// Jest Snapshot v1, https://goo.gl/fbAQLP

exports[`<Message /> matches snapshot 1`] = `
<div
  className="Message"
  id="messagey"
>
  hello world
</div>
`;
